

================================================================
== Synthesis Summary Report of 'time_img'
================================================================
+ General Information: 
    * Date:           Tue May 11 21:01:58 2021
    * Version:        2020.2 (Build 3064766 on Wed Nov 18 09:12:45 MST 2020)
    * Project:        aapv
    * Solution:       solution1 (Vivado IP Flow Target)
    * Product family: zynq
    * Target device:  xc7z020-clg400-1
    

+ Performance & Resource Estimates: 
    
    PS: '+' for module; 'o' for loop; '*' for dataflow
    +------------------------------------+------+-------+---------+-----------+----------+---------+---------+----------+------+----+-----------+-----------+-----+
    |               Modules              | Issue|       | Latency |  Latency  | Iteration|         |   Trip  |          |      |    |           |           |     |
    |               & Loops              | Type | Slack | (cycles)|    (ns)   |  Latency | Interval|  Count  | Pipelined| BRAM | DSP|     FF    |    LUT    | URAM|
    +------------------------------------+------+-------+---------+-----------+----------+---------+---------+----------+------+----+-----------+-----------+-----+
    |+ time_img                          |     -|  -0.89|  1048600|  1.049e+07|         -|  1048601|        -|        no|     -|   -|  273 (~0%)|  194 (~0%)|    -|
    | o VITIS_LOOP_32_1_VITIS_LOOP_33_2  |     -|  -7.30|  1048598|  1.049e+07|        24|        1|  1048576|       yes|     -|   -|          -|          -|    -|
    +------------------------------------+------+-------+---------+-----------+----------+---------+---------+----------+------+----+-----------+-----------+-----+

